// Jest Snapshot v1, https://goo.gl/fbAQLP

exports[`ErrorDialog snapshot should match Matches DOM Snapshot 1`] = `null`;
