// Jest Snapshot v1, https://goo.gl/fbAQLP

exports[`Metrics table snapshot should match Matches DOM Snapshot 1`] = `
<div
  className="MuiPaper-root MuiPaper-elevation MuiPaper-rounded MuiPaper-elevation1 MuiTableContainer-root routeinfo-table-container css-11xur9t-MuiPaper-root-MuiTableContainer-root"
>
  <div
    style={
      Object {
        "alignItems": "center",
        "display": "flex",
        "justifyContent": "center",
      }
    }
  >
    <h3>
       ROUTE INFORMATION 
    </h3>
  </div>
  <table
    aria-label="simple table"
    className="MuiTable-root css-rqglhn-MuiTable-root"
    role={null}
  >
    <tbody
      className="MuiTableBody-root css-apqrd9-MuiTableBody-root"
      role={null}
    >
      <tr
        className="MuiTableRow-root css-1q1u3t4-MuiTableRow-root"
        role={null}
      >
        <td
          aria-sort={null}
          className="MuiTableCell-root MuiTableCell-body MuiTableCell-sizeMedium css-1ex1afd-MuiTableCell-root"
        >
          Distance Travelled: 
        </td>
        <td
          aria-sort={null}
          className="MuiTableCell-root MuiTableCell-body MuiTableCell-sizeMedium css-1ex1afd-MuiTableCell-root"
        >
          2.6 miles
        </td>
      </tr>
      <tr
        className="MuiTableRow-root css-1q1u3t4-MuiTableRow-root"
        role={null}
      >
        <td
          aria-sort={null}
          className="MuiTableCell-root MuiTableCell-body MuiTableCell-sizeMedium css-1ex1afd-MuiTableCell-root"
        >
          Elevation Gain: 
        </td>
        <td
          aria-sort={null}
          className="MuiTableCell-root MuiTableCell-body MuiTableCell-sizeMedium css-1ex1afd-MuiTableCell-root"
        >
          125%
        </td>
      </tr>
      <tr
        className="MuiTableRow-root css-1q1u3t4-MuiTableRow-root"
        role={null}
      >
        <td
          aria-sort={null}
          className="MuiTableCell-root MuiTableCell-body MuiTableCell-sizeMedium css-1ex1afd-MuiTableCell-root"
        >
          Est. Travel Time: 
        </td>
        <td
          aria-sort={null}
          className="MuiTableCell-root MuiTableCell-body MuiTableCell-sizeMedium css-1ex1afd-MuiTableCell-root"
        >
          7 mins
        </td>
      </tr>
      <tr
        className="MuiTableRow-root css-1q1u3t4-MuiTableRow-root"
        role={null}
      >
        <td
          aria-sort={null}
          className="MuiTableCell-root MuiTableCell-body MuiTableCell-sizeMedium css-1ex1afd-MuiTableCell-root"
        >
          Calories: 
        </td>
        <td
          aria-sort={null}
          className="MuiTableCell-root MuiTableCell-body MuiTableCell-sizeMedium css-1ex1afd-MuiTableCell-root"
        >
          234 cal/hr
        </td>
      </tr>
    </tbody>
  </table>
</div>
`;
